Added Component: Designator=A4988_1(A4988)
Added Component: Designator=A4988_2(A4988)
Added Component: Designator=C1(C_POL_RM2-8,5)
Add component (AddParameter): Name = "LatestRevisionDate"; Value = "07-Sep-2019"; VariantName = "[No Variations]"
Add component (AddParameter): Name = "Published"; Value = "21-Feb-2011"; VariantName = "[No Variations]"
Add component (AddParameter): Name = "Rated Voltage"; Value = "50V"; VariantName = "[No Variations]"
Add component (AddParameter): Name = "Usage"; Value = "only permitted for non-commercial purposes at HTL I Innsbruck"; VariantName = "[No Variations]"
Add component (AddParameter): Name = "Value"; Value = "100uF"; VariantName = "[No Variations]"
Added Component: Designator=C2(C_POL_RM2-8,5)
Add component (AddParameter): Name = "LatestRevisionDate"; Value = "07-Sep-2019"; VariantName = "[No Variations]"
Add component (AddParameter): Name = "Published"; Value = "21-Feb-2011"; VariantName = "[No Variations]"
Add component (AddParameter): Name = "Rated Voltage"; Value = "50V"; VariantName = "[No Variations]"
Add component (AddParameter): Name = "Usage"; Value = "only permitted for non-commercial purposes at HTL I Innsbruck"; VariantName = "[No Variations]"
Add component (AddParameter): Name = "Value"; Value = "100uF"; VariantName = "[No Variations]"
Added Component: Designator=ESP(ESP_WROVER_DEVKIT)
Added Component: Designator=LiPo Balance-Stecker IN(HDR1X4)
Add component (AddParameter): Name = "LatestRevisionDate"; Value = "17-Jul-2002"; VariantName = "[No Variations]"
Add component (AddParameter): Name = "LatestRevisionNote"; Value = "Re-released for DXP Platform."; VariantName = "[No Variations]"
Add component (AddParameter): Name = "Publisher"; Value = "Altium Limited"; VariantName = "[No Variations]"
Added Component: Designator=LiPo Balance-Stecker OUT(HDR1X4)
Add component (AddParameter): Name = "LatestRevisionDate"; Value = "17-Jul-2002"; VariantName = "[No Variations]"
Add component (AddParameter): Name = "LatestRevisionNote"; Value = "Re-released for DXP Platform."; VariantName = "[No Variations]"
Add component (AddParameter): Name = "Publisher"; Value = "Altium Limited"; VariantName = "[No Variations]"
Added Component: Designator=LiPo Ladestecker(HDR1X2)
Add component (AddParameter): Name = "LatestRevisionDate"; Value = "17-Jul-2002"; VariantName = "[No Variations]"
Add component (AddParameter): Name = "LatestRevisionNote"; Value = "Re-released for DXP Platform."; VariantName = "[No Variations]"
Add component (AddParameter): Name = "Publisher"; Value = "Altium Limited"; VariantName = "[No Variations]"
Added Component: Designator=LM2596(LM2596)
Added Component: Designator=Motoranschluss_1(HDR1X4)
Add component (AddParameter): Name = "LatestRevisionDate"; Value = "17-Jul-2002"; VariantName = "[No Variations]"
Add component (AddParameter): Name = "LatestRevisionNote"; Value = "Re-released for DXP Platform."; VariantName = "[No Variations]"
Add component (AddParameter): Name = "Publisher"; Value = "Altium Limited"; VariantName = "[No Variations]"
Added Component: Designator=Motoranschluss_2(HDR1X4)
Add component (AddParameter): Name = "LatestRevisionDate"; Value = "17-Jul-2002"; VariantName = "[No Variations]"
Add component (AddParameter): Name = "LatestRevisionNote"; Value = "Re-released for DXP Platform."; VariantName = "[No Variations]"
Add component (AddParameter): Name = "Publisher"; Value = "Altium Limited"; VariantName = "[No Variations]"
Added Component: Designator=RGB-Streifen(HDR1X3)
Add component (AddParameter): Name = "LatestRevisionDate"; Value = "17-Jul-2002"; VariantName = "[No Variations]"
Add component (AddParameter): Name = "LatestRevisionNote"; Value = "Re-released for DXP Platform."; VariantName = "[No Variations]"
Add component (AddParameter): Name = "Publisher"; Value = "Altium Limited"; VariantName = "[No Variations]"
Added Pin To Net: NetName=GND Pin=A4988_1-1
Added Pin To Net: NetName=VCC 5V Pin=A4988_1-2
Added Pin To Net: NetName=VCC 5V Pin=A4988_1-3
Added Pin To Net: NetName=GND Pin=A4988_1-4
Added Pin To Net: NetName=NetA4988_1_5 Pin=A4988_1-5
Added Pin To Net: NetName=NetA4988_1_5 Pin=A4988_1-6
Added Pin To Net: NetName=ESP Pin 26 Pin=A4988_1-7
Added Pin To Net: NetName=ESP Pin 27 Pin=A4988_1-8
Added Pin To Net: NetName=VCC 11.1V Pin=A4988_1-9
Added Pin To Net: NetName=GND Pin=A4988_1-10
Added Pin To Net: NetName=NetA4988_1_11 Pin=A4988_1-11
Added Pin To Net: NetName=NetA4988_1_12 Pin=A4988_1-12
Added Pin To Net: NetName=NetA4988_1_13 Pin=A4988_1-13
Added Pin To Net: NetName=NetA4988_1_14 Pin=A4988_1-14
Added Pin To Net: NetName=VCC 5V Pin=A4988_1-15
Added Pin To Net: NetName=GND Pin=A4988_1-16
Added Pin To Net: NetName=GND Pin=A4988_2-1
Added Pin To Net: NetName=VCC 5V Pin=A4988_2-2
Added Pin To Net: NetName=VCC 5V Pin=A4988_2-3
Added Pin To Net: NetName=GND Pin=A4988_2-4
Added Pin To Net: NetName=NetA4988_2_5 Pin=A4988_2-5
Added Pin To Net: NetName=NetA4988_2_5 Pin=A4988_2-6
Added Pin To Net: NetName=ESP Pin 12 Pin=A4988_2-7
Added Pin To Net: NetName=ESP Pin 14 Pin=A4988_2-8
Added Pin To Net: NetName=VCC 11.1V Pin=A4988_2-9
Added Pin To Net: NetName=GND Pin=A4988_2-10
Added Pin To Net: NetName=NetA4988_2_11 Pin=A4988_2-11
Added Pin To Net: NetName=NetA4988_2_12 Pin=A4988_2-12
Added Pin To Net: NetName=NetA4988_2_13 Pin=A4988_2-13
Added Pin To Net: NetName=NetA4988_2_14 Pin=A4988_2-14
Added Pin To Net: NetName=VCC 5V Pin=A4988_2-15
Added Pin To Net: NetName=GND Pin=A4988_2-16
Add Pin To Net: Unknown Pin: Pin Akku-1
Add Pin To Net: Unknown Pin: Pin Akku-2
Added Pin To Net: NetName=VCC 11.1V Pin=C1-1
Added Pin To Net: NetName=GND Pin=C1-2
Added Pin To Net: NetName=VCC 11.1V Pin=C2-1
Added Pin To Net: NetName=GND Pin=C2-2
Added Pin To Net: NetName=ESP Pin 27 Pin=ESP-10
Added Pin To Net: NetName=ESP Pin 26 Pin=ESP-11
Added Pin To Net: NetName=ESP Pin 14 Pin=ESP-12
Added Pin To Net: NetName=ESP Pin 12 Pin=ESP-13
Added Pin To Net: NetName=GND Pin=ESP-14
Added Pin To Net: NetName=ESP Pin 13 Pin=ESP-15
Added Pin To Net: NetName=VCC 5V Pin=ESP-19
Added Pin To Net: NetName=VCC 5V Pin=ESP-20
Added Pin To Net: NetName=NetLiPo Balance-Stecker IN_1 Pin=LiPo Balance-Stecker IN-1
Added Pin To Net: NetName=NetLiPo Balance-Stecker IN_2 Pin=LiPo Balance-Stecker IN-2
Added Pin To Net: NetName=NetLiPo Balance-Stecker IN_3 Pin=LiPo Balance-Stecker IN-3
Added Pin To Net: NetName=NetLiPo Balance-Stecker IN_4 Pin=LiPo Balance-Stecker IN-4
Added Pin To Net: NetName=NetLiPo Balance-Stecker IN_4 Pin=LiPo Balance-Stecker OUT-1
Added Pin To Net: NetName=NetLiPo Balance-Stecker IN_3 Pin=LiPo Balance-Stecker OUT-2
Added Pin To Net: NetName=NetLiPo Balance-Stecker IN_2 Pin=LiPo Balance-Stecker OUT-3
Added Pin To Net: NetName=NetLiPo Balance-Stecker IN_1 Pin=LiPo Balance-Stecker OUT-4
Added Pin To Net: NetName=VCC 11.1V Pin=LiPo Ladestecker-1
Added Pin To Net: NetName=GND Pin=LiPo Ladestecker-2
Added Pin To Net: NetName=VCC 11.1V Pin=LM2596-1
Added Pin To Net: NetName=GND Pin=LM2596-2
Added Pin To Net: NetName=VCC 5V Pin=LM2596-3
Added Pin To Net: NetName=GND Pin=LM2596-4
Added Pin To Net: NetName=NetA4988_1_11 Pin=Motoranschluss_1-1
Added Pin To Net: NetName=NetA4988_1_12 Pin=Motoranschluss_1-2
Added Pin To Net: NetName=NetA4988_1_13 Pin=Motoranschluss_1-3
Added Pin To Net: NetName=NetA4988_1_14 Pin=Motoranschluss_1-4
Added Pin To Net: NetName=NetA4988_2_11 Pin=Motoranschluss_2-1
Added Pin To Net: NetName=NetA4988_2_12 Pin=Motoranschluss_2-2
Added Pin To Net: NetName=NetA4988_2_13 Pin=Motoranschluss_2-3
Added Pin To Net: NetName=NetA4988_2_14 Pin=Motoranschluss_2-4
Added Pin To Net: NetName=GND Pin=RGB-Streifen-1
Added Pin To Net: NetName=ESP Pin 13 Pin=RGB-Streifen-2
Added Pin To Net: NetName=VCC 5V Pin=RGB-Streifen-3
Added Member To Class: ClassName=Schematic_Drohne Member=Component A4988_1 Stepper_Driver
Added Member To Class: ClassName=Schematic_Drohne Member=Component A4988_2 Stepper_Driver
Add Class Member: Failed to add class member : Component Akku DC 11.1V
Added Member To Class: ClassName=Schematic_Drohne Member=Component C1 100uF
Added Member To Class: ClassName=Schematic_Drohne Member=Component C2 100uF
Added Member To Class: ClassName=Schematic_Drohne Member=Component ESP ESP_WROVER_DEVKIT
Added Member To Class: ClassName=Schematic_Drohne Member=Component LiPo Balance-Stecker IN
Added Member To Class: ClassName=Schematic_Drohne Member=Component LiPo Balance-Stecker OUT
Added Member To Class: ClassName=Schematic_Drohne Member=Component LiPo Ladestecker
Added Member To Class: ClassName=Schematic_Drohne Member=Component LM2596 DC-DC Converter
Added Member To Class: ClassName=Schematic_Drohne Member=Component Motoranschluss_1
Added Member To Class: ClassName=Schematic_Drohne Member=Component Motoranschluss_2
Added Member To Class: ClassName=Schematic_Drohne Member=Component RGB-Streifen
Added Room: Name=Schematic_Drohne
