Removed Pin From Net: NetName=VCC 11.1V Pin=C1-1
Removed Pin From Net: NetName=GND Pin=C1-2
Change Component Designator: OldDesignator= NewDesignator=ESP
Change Component Designator: OldDesignator=C2 NewDesignator=C4
Added Component: Designator=C1(C_RM2-025X075)
Add component (AddParameter): Name = "LatestRevisionDate"; Value = "07-Sep-2019"; VariantName = "[No Variations]"
Add component (AddParameter): Name = "Published"; Value = "21-Feb-2011"; VariantName = "[No Variations]"
Add component (AddParameter): Name = "Rated Voltage"; Value = "50V"; VariantName = "[No Variations]"
Add component (AddParameter): Name = "Usage"; Value = "only permitted for non-commercial purposes at HTL I Innsbruck"; VariantName = "[No Variations]"
Add component (AddParameter): Name = "Value"; Value = "100nF"; VariantName = "[No Variations]"
Added Component: Designator=C2(C_POL_RM2-8,5)
Add component (AddParameter): Name = "LatestRevisionDate"; Value = "07-Sep-2019"; VariantName = "[No Variations]"
Add component (AddParameter): Name = "Published"; Value = "21-Feb-2011"; VariantName = "[No Variations]"
Add component (AddParameter): Name = "Rated Voltage"; Value = "50V"; VariantName = "[No Variations]"
Add component (AddParameter): Name = "Usage"; Value = "only permitted for non-commercial purposes at HTL I Innsbruck"; VariantName = "[No Variations]"
Add component (AddParameter): Name = "Value"; Value = "100uF"; VariantName = "[No Variations]"
Added Component: Designator=C3(C_RM2-025X075)
Add component (AddParameter): Name = "LatestRevisionDate"; Value = "07-Sep-2019"; VariantName = "[No Variations]"
Add component (AddParameter): Name = "Published"; Value = "21-Feb-2011"; VariantName = "[No Variations]"
Add component (AddParameter): Name = "Rated Voltage"; Value = "50V"; VariantName = "[No Variations]"
Add component (AddParameter): Name = "Usage"; Value = "only permitted for non-commercial purposes at HTL I Innsbruck"; VariantName = "[No Variations]"
Add component (AddParameter): Name = "Value"; Value = "100nF"; VariantName = "[No Variations]"
Added Component: Designator=C5(C_POL_RM2-8,5)
Add component (AddParameter): Name = "LatestRevisionDate"; Value = "07-Sep-2019"; VariantName = "[No Variations]"
Add component (AddParameter): Name = "Published"; Value = "21-Feb-2011"; VariantName = "[No Variations]"
Add component (AddParameter): Name = "Rated Voltage"; Value = "16V"; VariantName = "[No Variations]"
Add component (AddParameter): Name = "Usage"; Value = "only permitted for non-commercial purposes at HTL I Innsbruck"; VariantName = "[No Variations]"
Add component (AddParameter): Name = "Value"; Value = "100uF"; VariantName = "[No Variations]"
Added Pin To Net: NetName=VCC 11.1V Pin=C1-1
Added Pin To Net: NetName=GND Pin=C1-2
Added Pin To Net: NetName=VCC 11.1V Pin=C2-1
Added Pin To Net: NetName=GND Pin=C2-2
Added Pin To Net: NetName=VCC 11.1V Pin=C3-1
Added Pin To Net: NetName=GND Pin=C3-2
Added Pin To Net: NetName=VCC 5V Pin=C5-1
Added Pin To Net: NetName=GND Pin=C5-2
Added Member To Class: ClassName=Schematic_Drohne Member=Component C3 100nF
Added Member To Class: ClassName=Schematic_Drohne Member=Component C4 100uF
Added Member To Class: ClassName=Schematic_Drohne Member=Component C5 100uF
Added Member To Class: ClassName=Schematic_Drohne Member=Component ESP ESP_WROVER_DEVKIT
