Removed Pin From Net: NetName=NetLiPo Balance Stecker IN_1 Pin=LiPo Balance IN-1
Removed Pin From Net: NetName=NetLiPo Balance Stecker IN_2 Pin=LiPo Balance IN-2
Removed Pin From Net: NetName=NetLiPo Balance Stecker IN_3 Pin=LiPo Balance IN-3
Removed Pin From Net: NetName=NetLiPo Balance Stecker IN_4 Pin=LiPo Balance IN-4
Removed Pin From Net: NetName=NetLiPo Balance Stecker IN_4 Pin=LiPo Balance OUT-1
Removed Pin From Net: NetName=NetLiPo Balance Stecker IN_3 Pin=LiPo Balance OUT-2
Removed Pin From Net: NetName=NetLiPo Balance Stecker IN_2 Pin=LiPo Balance OUT-3
Removed Pin From Net: NetName=NetLiPo Balance Stecker IN_1 Pin=LiPo Balance OUT-4
Removed Member From Class: ClassName=Schematic_Drohne Member=LiPo Balance IN
Removed Member From Class: ClassName=Schematic_Drohne Member=LiPo Balance OUT
Change Component Designator: OldDesignator= NewDesignator=ESP
Change Component Designator: OldDesignator=Akku Ladestecker NewDesignator=LiPo Ladestecker
Change Component Designator: OldDesignator=Converter NewDesignator=T1
Change Component Designator: OldDesignator=Motor_1 NewDesignator=Motoranschluss_1
Change Component Designator: OldDesignator=Motor_2 NewDesignator=Motoranschluss_2
Added Component: Designator=LiPo Balance Stecker IN(CTB0502-4)
Added Component: Designator=LiPo Balance Stecker OUT(CTB0502-4)
Added Component: Designator=R1(R_0204V/RM1 - 1k)
Add component (AddParameter): Name = "LatestRevisionDate"; Value = "07-Sep-2019"; VariantName = "[No Variations]"
Add component (AddParameter): Name = "Published"; Value = "21-Feb-2011"; VariantName = "[No Variations]"
Add component (AddParameter): Name = "Usage"; Value = "only permitted for non-commercial purposes at HTL I Innsbruck"; VariantName = "[No Variations]"
Add component (AddParameter): Name = "Value"; Value = "1K"; VariantName = "[No Variations]"
Added Pin To Net: NetName=NetLiPo Balance Stecker IN_1 Pin=LiPo Balance Stecker IN-1
Added Pin To Net: NetName=NetLiPo Balance Stecker IN_2 Pin=LiPo Balance Stecker IN-2
Added Pin To Net: NetName=NetLiPo Balance Stecker IN_3 Pin=LiPo Balance Stecker IN-3
Added Pin To Net: NetName=NetLiPo Balance Stecker IN_4 Pin=LiPo Balance Stecker IN-4
Added Pin To Net: NetName=NetLiPo Balance Stecker IN_4 Pin=LiPo Balance Stecker OUT-1
Added Pin To Net: NetName=NetLiPo Balance Stecker IN_3 Pin=LiPo Balance Stecker OUT-2
Added Pin To Net: NetName=NetLiPo Balance Stecker IN_2 Pin=LiPo Balance Stecker OUT-3
Added Pin To Net: NetName=NetLiPo Balance Stecker IN_1 Pin=LiPo Balance Stecker OUT-4
Added Member To Class: ClassName=Schematic_Drohne Member=Component LiPo Balance Stecker IN Schraubklemme 1x4
Added Member To Class: ClassName=Schematic_Drohne Member=Component LiPo Balance Stecker OUT Schraubklemme 1x4
Added Member To Class: ClassName=Schematic_Drohne Member=Component R1 1K
