Change Component Designator: OldDesignator= NewDesignator=ESP
Added Pin To Net: NetName=ESP Pin 2 Pin=ESP-35
Added Pin To Net: NetName=ESP Pin 2 Pin=RGB-Streifen-2
Added Net: Name=ESP Pin 2
Added Pin To Net: NetName=ESP Pin 4 Pin=ESP-33
Added Pin To Net: NetName=ESP Pin 4 Pin=R1-2
Added Pin To Net: NetName=ESP Pin 4 Pin=R2-1
Added Pin To Net: NetName=ESP Pin 4 Pin=D1-C
Added Net: Name=ESP Pin 4
Added Pin To Net: NetName=ESP Pin 12 Pin=A4988_2-7
Added Pin To Net: NetName=ESP Pin 12 Pin=ESP-13
Added Net: Name=ESP Pin 12
Added Pin To Net: NetName=ESP Pin 14 Pin=A4988_2-8
Added Pin To Net: NetName=ESP Pin 14 Pin=ESP-12
Added Net: Name=ESP Pin 14
Added Pin To Net: NetName=ESP Pin 26 Pin=A4988_1-7
Added Pin To Net: NetName=ESP Pin 26 Pin=ESP-11
Added Net: Name=ESP Pin 26
Added Pin To Net: NetName=ESP Pin 27 Pin=A4988_1-8
Added Pin To Net: NetName=ESP Pin 27 Pin=ESP-10
Added Net: Name=ESP Pin 27
Added Pin To Net: NetName=GND Pin=A4988_1-1
Added Pin To Net: NetName=GND Pin=A4988_1-4
Added Pin To Net: NetName=GND Pin=A4988_1-10
Added Pin To Net: NetName=GND Pin=A4988_1-16
Added Pin To Net: NetName=GND Pin=A4988_2-1
Added Pin To Net: NetName=GND Pin=A4988_2-4
Added Pin To Net: NetName=GND Pin=A4988_2-10
Added Pin To Net: NetName=GND Pin=A4988_2-16
Added Pin To Net: NetName=GND Pin=Akku-1
Added Pin To Net: NetName=GND Pin=C1-1
Added Pin To Net: NetName=GND Pin=C2-2
Added Pin To Net: NetName=GND Pin=C3-1
Added Pin To Net: NetName=GND Pin=C4-2
Added Pin To Net: NetName=GND Pin=C5-2
Added Pin To Net: NetName=GND Pin=C6-2
Added Pin To Net: NetName=GND Pin=ESP-14
Added Pin To Net: NetName=GND Pin=ESP-31
Added Pin To Net: NetName=GND Pin=ESP-32
Added Pin To Net: NetName=GND Pin=ESP-40
Added Pin To Net: NetName=GND Pin=Ladestecker-2
Added Pin To Net: NetName=GND Pin=RGB-Streifen-1
Added Pin To Net: NetName=GND Pin=T1-2
Added Net: Name=GND
Added Pin To Net: NetName=NetA4988_1_5 Pin=A4988_1-5
Added Pin To Net: NetName=NetA4988_1_5 Pin=A4988_1-6
Added Net: Name=NetA4988_1_5
Added Pin To Net: NetName=NetA4988_1_11 Pin=A4988_1-11
Added Pin To Net: NetName=NetA4988_1_11 Pin=Motor_1-1
Added Net: Name=NetA4988_1_11
Added Pin To Net: NetName=NetA4988_1_12 Pin=A4988_1-12
Added Pin To Net: NetName=NetA4988_1_12 Pin=Motor_1-2
Added Net: Name=NetA4988_1_12
Added Pin To Net: NetName=NetA4988_1_13 Pin=A4988_1-13
Added Pin To Net: NetName=NetA4988_1_13 Pin=Motor_1-3
Added Net: Name=NetA4988_1_13
Added Pin To Net: NetName=NetA4988_1_14 Pin=A4988_1-14
Added Pin To Net: NetName=NetA4988_1_14 Pin=Motor_1-4
Added Net: Name=NetA4988_1_14
Added Pin To Net: NetName=NetA4988_2_5 Pin=A4988_2-5
Added Pin To Net: NetName=NetA4988_2_5 Pin=A4988_2-6
Added Net: Name=NetA4988_2_5
Added Pin To Net: NetName=NetA4988_2_11 Pin=A4988_2-11
Added Pin To Net: NetName=NetA4988_2_11 Pin=Motor_2-1
Added Net: Name=NetA4988_2_11
Added Pin To Net: NetName=NetA4988_2_12 Pin=A4988_2-12
Added Pin To Net: NetName=NetA4988_2_12 Pin=Motor_2-2
Added Net: Name=NetA4988_2_12
Added Pin To Net: NetName=NetA4988_2_13 Pin=A4988_2-13
Added Pin To Net: NetName=NetA4988_2_13 Pin=Motor_2-3
Added Net: Name=NetA4988_2_13
Added Pin To Net: NetName=NetA4988_2_14 Pin=A4988_2-14
Added Pin To Net: NetName=NetA4988_2_14 Pin=Motor_2-4
Added Net: Name=NetA4988_2_14
Added Pin To Net: NetName=NetBalance IN_1 Pin=Balance IN-1
Added Pin To Net: NetName=NetBalance IN_1 Pin=Balance OUT-4
Added Pin To Net: NetName=NetBalance IN_1 Pin=R2-2
Added Pin To Net: NetName=NetBalance IN_1 Pin=D1-A
Added Net: Name=NetBalance IN_1
Added Pin To Net: NetName=NetBalance IN_2 Pin=Balance IN-2
Added Pin To Net: NetName=NetBalance IN_2 Pin=Balance OUT-3
Added Pin To Net: NetName=NetBalance IN_2 Pin=R1-1
Added Net: Name=NetBalance IN_2
Added Pin To Net: NetName=NetBalance IN_3 Pin=Balance IN-3
Added Pin To Net: NetName=NetBalance IN_3 Pin=Balance OUT-2
Added Net: Name=NetBalance IN_3
Added Pin To Net: NetName=NetBalance IN_4 Pin=Balance IN-4
Added Pin To Net: NetName=NetBalance IN_4 Pin=Balance OUT-1
Added Net: Name=NetBalance IN_4
Added Pin To Net: NetName=VCC 5V Pin=A4988_1-2
Added Pin To Net: NetName=VCC 5V Pin=A4988_1-3
Added Pin To Net: NetName=VCC 5V Pin=A4988_1-15
Added Pin To Net: NetName=VCC 5V Pin=A4988_2-2
Added Pin To Net: NetName=VCC 5V Pin=A4988_2-3
Added Pin To Net: NetName=VCC 5V Pin=A4988_2-15
Added Pin To Net: NetName=VCC 5V Pin=C5-1
Added Pin To Net: NetName=VCC 5V Pin=C6-1
Added Pin To Net: NetName=VCC 5V Pin=ESP-19
Added Pin To Net: NetName=VCC 5V Pin=ESP-20
Added Pin To Net: NetName=VCC 5V Pin=RGB-Streifen-3
Added Pin To Net: NetName=VCC 5V Pin=T1-3
Added Net: Name=VCC 5V
Added Pin To Net: NetName=VCC 11.1V Pin=A4988_1-9
Added Pin To Net: NetName=VCC 11.1V Pin=A4988_2-9
Added Pin To Net: NetName=VCC 11.1V Pin=Akku-2
Added Pin To Net: NetName=VCC 11.1V Pin=C1-2
Added Pin To Net: NetName=VCC 11.1V Pin=C2-1
Added Pin To Net: NetName=VCC 11.1V Pin=C3-2
Added Pin To Net: NetName=VCC 11.1V Pin=C4-1
Added Pin To Net: NetName=VCC 11.1V Pin=Ladestecker-1
Added Pin To Net: NetName=VCC 11.1V Pin=T1-1
Added Net: Name=VCC 11.1V
Added Class: Name=Schematic_Drohne
Added Room: Name=Schematic_Drohne
